MPLINK 4.35, Linker
Linker Map File - Created Fri May 10 19:28:10 2019

                                 Section Info
                  Section       Type    Address   Location Size(Bytes)
                ---------  ---------  ---------  ---------  ---------
                   .org_0       code   0x000000    program   0x000000
                   .org_1       code   0x000000    program   0x000060
.config_2007_DELAY_MATRICULA.O       code   0x002007    program   0x000002



                              Program Memory Usage 
                               Start         End      
                           ---------   ---------      
                            0x000000    0x00002f      
                            0x002007    0x002007      
            49 out of 2183 program addresses used, program memory utilization is 2%



                              Symbols - Sorted by Name
                     Name    Address   Location    Storage File                     
                ---------  ---------  ---------  --------- ---------                
             ATRASO1_BODY   0x00000d    program     static C:\Users\1137910\Downloads\PIC_Delay_Matricula\DELAY_MATRICULA.asm
           ATRASO1_HEADER   0x00000b    program     static C:\Users\1137910\Downloads\PIC_Delay_Matricula\DELAY_MATRICULA.asm
             ATRASO2_BODY   0x00000f    program     static C:\Users\1137910\Downloads\PIC_Delay_Matricula\DELAY_MATRICULA.asm
           ATRASO2_HEADER   0x00000d    program     static C:\Users\1137910\Downloads\PIC_Delay_Matricula\DELAY_MATRICULA.asm
             ATRASO3_BODY   0x000011    program     static C:\Users\1137910\Downloads\PIC_Delay_Matricula\DELAY_MATRICULA.asm
           ATRASO3_HEADER   0x00000f    program     static C:\Users\1137910\Downloads\PIC_Delay_Matricula\DELAY_MATRICULA.asm
             ATRASO4_BODY   0x000019    program     static C:\Users\1137910\Downloads\PIC_Delay_Matricula\DELAY_MATRICULA.asm
           ATRASO4_HEADER   0x000017    program     static C:\Users\1137910\Downloads\PIC_Delay_Matricula\DELAY_MATRICULA.asm
             ATRASO5_BODY   0x00001b    program     static C:\Users\1137910\Downloads\PIC_Delay_Matricula\DELAY_MATRICULA.asm
           ATRASO5_HEADER   0x000019    program     static C:\Users\1137910\Downloads\PIC_Delay_Matricula\DELAY_MATRICULA.asm
                   INICIO   0x000001    program     static C:\Users\1137910\Downloads\PIC_Delay_Matricula\DELAY_MATRICULA.asm
                   REPETE   0x000006    program     static C:\Users\1137910\Downloads\PIC_Delay_Matricula\DELAY_MATRICULA.asm



                              Symbols - Sorted by Address
                     Name    Address   Location    Storage File                     
                ---------  ---------  ---------  --------- ---------                
                   INICIO   0x000001    program     static C:\Users\1137910\Downloads\PIC_Delay_Matricula\DELAY_MATRICULA.asm
                   REPETE   0x000006    program     static C:\Users\1137910\Downloads\PIC_Delay_Matricula\DELAY_MATRICULA.asm
           ATRASO1_HEADER   0x00000b    program     static C:\Users\1137910\Downloads\PIC_Delay_Matricula\DELAY_MATRICULA.asm
             ATRASO1_BODY   0x00000d    program     static C:\Users\1137910\Downloads\PIC_Delay_Matricula\DELAY_MATRICULA.asm
           ATRASO2_HEADER   0x00000d    program     static C:\Users\1137910\Downloads\PIC_Delay_Matricula\DELAY_MATRICULA.asm
             ATRASO2_BODY   0x00000f    program     static C:\Users\1137910\Downloads\PIC_Delay_Matricula\DELAY_MATRICULA.asm
           ATRASO3_HEADER   0x00000f    program     static C:\Users\1137910\Downloads\PIC_Delay_Matricula\DELAY_MATRICULA.asm
             ATRASO3_BODY   0x000011    program     static C:\Users\1137910\Downloads\PIC_Delay_Matricula\DELAY_MATRICULA.asm
           ATRASO4_HEADER   0x000017    program     static C:\Users\1137910\Downloads\PIC_Delay_Matricula\DELAY_MATRICULA.asm
             ATRASO4_BODY   0x000019    program     static C:\Users\1137910\Downloads\PIC_Delay_Matricula\DELAY_MATRICULA.asm
           ATRASO5_HEADER   0x000019    program     static C:\Users\1137910\Downloads\PIC_Delay_Matricula\DELAY_MATRICULA.asm
             ATRASO5_BODY   0x00001b    program     static C:\Users\1137910\Downloads\PIC_Delay_Matricula\DELAY_MATRICULA.asm


